
Map of Debug\exo5.sm8 from link file Debug\exo5.lkf - Wed Dec 06 15:49:12 2017


                               --------
                               Segments
                               --------

start 00008080 end 00008080 length     0 segment .const
start 00008083 end 0000815e length   219 segment .text
start 00004000 end 00004000 length     0 segment .eeprom
start 00000000 end 00000000 length     0 segment .bsct
start 00000000 end 00000006 length     6 segment .ubsct
start 00000006 end 00000006 length     0 segment .bit
start 00000006 end 00000006 length     0 segment .share
start 00000100 end 00000100 length     0 segment .data
start 00000100 end 00000100 length     0 segment .bss
start 00000000 end 000001ae length   430 segment .info.
start 00000000 end 000002de length   734 segment .debug
start 00008000 end 00008080 length   128 segment .const
start 00008080 end 00008083 length     3 segment .init


                               -------
                               Modules
                               -------

C:\Program Files (x86)\COSMIC\CXSTM8_EVAL\Lib\crtsi0.sm8:
start 00008083 end 000080ce length    75 section .text
start 00000100 end 00000100 length     0 section .bss
start 00000000 end 00000000 length     0 section .ubsct
start 00000000 end 00000030 length    48 section .info.

Debug\saisie.o:
start 000080ce end 0000815d length   143 section .text
start 00000000 end 00000173 length   371 section .debug
start 00000030 end 0000009f length   111 section .info.

(C:\Program Files (x86)\COSMIC\CXSTM8_EVAL\Lib\libm0.sm8)xreg.o:
start 00000000 end 00000003 length     3 section .ubsct
start 0000009f end 000000ce length    47 section .info.

(C:\Program Files (x86)\COSMIC\CXSTM8_EVAL\Lib\libm0.sm8)yreg.o:
start 00000003 end 00000006 length     3 section .ubsct
start 000000ce end 000000fd length    47 section .info.

Debug\stm8_interrupt_vector.o:
start 0000815d end 0000815e length     1 section .text
start 00000173 end 000002de length   363 section .debug
start 000000fd end 0000017b length   126 section .info.
start 00008000 end 00008080 length   128 section .const


                             -----------
                             Stack usage
                             -----------

Debug\saisie.o:
_main                  >   16   (16)

Debug\stm8_interrupt_vector.o:
f_NonHandledInterrupt  >    6   (6)

Stack size: 22


                              ---------
                              Call tree
                              ---------
   1 > __stext: (0)

   2 > _main: (16)

   3 > f_NonHandledInterrupt: (6)



                               -------
                               Symbols
                               -------

__endmem                000005ff   defined in command file
                                   *** not used ***
__endzp                 00000006   defined in command file section .ubsct
                                   used in C:\Program Files (x86)\COSMIC\CXSTM8_EVAL\Lib\crtsi0.sm8
__idesc__               00008080   defined in linker section .init
                                   used in C:\Program Files (x86)\COSMIC\CXSTM8_EVAL\Lib\crtsi0.sm8
__memory                00000100   defined in command file section .bss
                                   used in C:\Program Files (x86)\COSMIC\CXSTM8_EVAL\Lib\crtsi0.sm8
__stack                 000007ff   defined in command file
                                   used in C:\Program Files (x86)\COSMIC\CXSTM8_EVAL\Lib\crtsi0.sm8
__startmem              00000100   defined in command file section .bss
                                   *** not used ***
__stext                 00008083   defined in C:\Program Files (x86)\COSMIC\CXSTM8_EVAL\Lib\crtsi0.sm8 section .text
                                   used in Debug\stm8_interrupt_vector.o
__vectab                00008000   defined in Debug\stm8_interrupt_vector.o section .const
_exit                   000080cc   defined in C:\Program Files (x86)\COSMIC\CXSTM8_EVAL\Lib\crtsi0.sm8 section .text
_main                   000080ce   defined in Debug\saisie.o section .text
                                   used in C:\Program Files (x86)\COSMIC\CXSTM8_EVAL\Lib\crtsi0.sm8
c_x                     00000000   defined in (C:\Program Files (x86)\COSMIC\CXSTM8_EVAL\Lib\libm0.sm8)xreg.o section .ubsct
                                   used in C:\Program Files (x86)\COSMIC\CXSTM8_EVAL\Lib\crtsi0.sm8
c_y                     00000003   defined in (C:\Program Files (x86)\COSMIC\CXSTM8_EVAL\Lib\libm0.sm8)yreg.o section .ubsct
                                   used in C:\Program Files (x86)\COSMIC\CXSTM8_EVAL\Lib\crtsi0.sm8
f_NonHandledInterrupt   0000815d   defined in Debug\stm8_interrupt_vector.o section .text
